// Jest Snapshot v1, https://goo.gl/fbAQLP

exports[`transform the json into a useable navigation 1`] = `
Array [
  Object {
    "child": Array [
      Object {
        "child": Array [
          Object {
            "id": 3,
            "name": "Node 3",
            "parent": 1,
            "thumbnail": Object {
              "description": "Picture, Random",
              "href": "https://picsum.photos/200/200/?random&d",
            },
          },
        ],
        "id": 1,
        "name": "Node 1",
        "parent": 0,
        "thumbnail": Object {
          "description": "Another Random Picture",
          "href": "https://picsum.photos/200/200/?random&b",
        },
      },
    ],
    "id": 0,
    "name": "Node 0",
    "parent": null,
    "thumbnail": Object {
      "description": "Random Picture",
      "href": "https://picsum.photos/200/200/?random&a",
    },
  },
  Object {
    "id": 2,
    "name": "Node 2",
    "parent": null,
    "thumbnail": Object {
      "description": "A Picture Is Random",
      "href": "https://picsum.photos/200/200/?random&c",
    },
  },
  Object {
    "child": Array [
      Object {
        "id": 4,
        "name": "Node 4",
        "parent": 5,
        "thumbnail": Object {
          "description": "rand(pix)",
          "href": "https://picsum.photos/200/200/?random&e",
        },
      },
    ],
    "id": 5,
    "name": "Node 5",
    "parent": null,
    "thumbnail": Object {
      "description": "pickPix <- rand",
      "href": "https://picsum.photos/200/200/?random&f",
    },
  },
]
`;
